2026-05-23 19:01:26 | INFO | =======================================================
2026-05-23 19:01:26 | INFO | EXECUTION RUN — 2026-05-23 19:01:26
2026-05-23 19:01:26 | INFO | MODE: PAPER TRADING
2026-05-23 19:01:26 | INFO | =======================================================
2026-05-23 19:01:26 | INFO | Current holdings: None (empty portfolio)
2026-05-23 19:01:26 | INFO | PAPER MODE — Kite Connect not initialised
2026-05-23 19:01:26 | INFO | Running signal engine...
2026-05-23 19:01:28 | ERROR | HTTP Error 404: {"quoteSummary":{"result":null,"error":{"code":"Not Found","description":"Quote not found for symbol: TATAMOTORS.NS"}}}
2026-05-23 19:01:29 | ERROR | $TATAMOTORS.NS: possibly delisted; no timezone found
2026-05-23 19:01:29 | ERROR | $ZOMATO.NS: possibly delisted; no timezone found
2026-05-23 19:01:30 | ERROR | HTTP Error 404: {"quoteSummary":{"result":null,"error":{"code":"Not Found","description":"Quote not found for symbol: LTIM.NS"}}}
2026-05-23 19:01:30 | ERROR | $LTIM.NS: possibly delisted; no timezone found
2026-05-23 19:01:31 | ERROR | 
58 Failed downloads:
2026-05-23 19:01:31 | ERROR | ['TATAMOTORS.NS', 'ZOMATO.NS', 'LTIM.NS']: possibly delisted; no timezone found
2026-05-23 19:01:31 | ERROR | ['HAVELLS.NS', 'DRREDDY.NS', 'TRENT.NS', 'SHREECEM.NS', 'KEC.NS', 'ADANIENT.NS', 'HINDALCO.NS', 'ONGC.NS', 'SHRIRAMFIN.NS', 'TORNTPOWER.NS', 'ASHOKLEY.NS', 'KPITTECH.NS', 'BANDHANBNK.NS', 'HDFCLIFE.NS', 'ANGELONE.NS', 'THERMAX.NS', '360ONE.NS', 'IRB.NS', 'DLF.NS', 'JUBLFOOD.NS', 'CHOLAFIN.NS', 'NTPC.NS', 'VEDL.NS', 'ASIANPAINT.NS', 'AUBANK.NS', 'MRF.NS', 'DEEPAKNTR.NS', 'SBIN.NS', 'TIINDIA.NS', 'DMART.NS', 'KANSAINER.NS', 'LT.NS', 'BEL.NS', 'TORNTPHARM.NS', 'CANBK.NS', 'ABBOTINDIA.NS', 'BSE.NS', 'ALKYLAMINE.NS', 'BERGEPAINT.NS', 'BANKBARODA.NS', 'BALKRISIND.NS', 'TATACONSUM.NS', 'ATUL.NS', 'INFY.NS', 'ADANIPORTS.NS', 'CGPOWER.NS', 'BRITANNIA.NS', 'SAIL.NS', 'BAJAJ-AUTO.NS', 'COALINDIA.NS', 'MANAPPURAM.NS', 'COLPAL.NS', 'TVSMOTOR.NS', 'CUMMINSIND.NS', 'LUPIN.NS']: TypeError("'NoneType' object is not subscriptable")
2026-05-23 19:01:31 | INFO | Regime: RISK-OFF
2026-05-23 19:01:32 | ERROR | Failed to get ticker 'TATAMOTORS.NS' reason: Failed to perform, curl: (6) Could not resolve host: query2.finance.yahoo.com. See https://curl.se/libcurl/c/libcurl-errors.html first for more details.
2026-05-23 19:01:32 | ERROR | $TATAMOTORS.NS: possibly delisted; no timezone found
2026-05-23 19:01:32 | ERROR | Failed to get ticker 'ZOMATO.NS' reason: Failed to perform, curl: (6) getaddrinfo() thread failed to start. See https://curl.se/libcurl/c/libcurl-errors.html first for more details.
2026-05-23 19:01:32 | ERROR | $ZOMATO.NS: possibly delisted; no timezone found
2026-05-23 19:01:33 | ERROR | $LTIM.NS: possibly delisted; no timezone found
2026-05-23 19:01:33 | ERROR | 
79 Failed downloads:
2026-05-23 19:01:33 | ERROR | ['TATACOMM.NS', 'FORTIS.NS', 'INDUSINDBK.NS', 'GAIL.NS', 'IDFCFIRSTB.NS', 'TECHM.NS', 'MARUTI.NS', 'SBILIFE.NS', 'JSWSTEEL.NS', 'GODREJPROP.NS', 'SUZLON.NS', 'ABB.NS', 'HDFCBANK.NS', 'DABUR.NS', 'NAUKRI.NS', 'UNIONBANK.NS', 'BAJFINANCE.NS', 'PHOENIXLTD.NS', 'BRIGADE.NS', 'OBEROIRLTY.NS', 'MAXHEALTH.NS', 'IPCALAB.NS', 'PRESTIGE.NS', 'DRREDDY.NS', 'HAVELLS.NS', 'TRENT.NS', 'SHREECEM.NS', 'KEC.NS', 'ADANIENT.NS', 'HINDALCO.NS', 'ONGC.NS', 'SHRIRAMFIN.NS', 'TORNTPOWER.NS', 'ASHOKLEY.NS', 'KPITTECH.NS', 'BANDHANBNK.NS', 'HDFCLIFE.NS', '360ONE.NS', 'ANGELONE.NS', 'STARHEALTH.NS', 'DLF.NS', 'VEDL.NS', 'LICHSGFIN.NS', 'ASIANPAINT.NS', 'LODHA.NS', 'MRF.NS', 'SBIN.NS', 'PAGEIND.NS', 'DMART.NS', 'KANSAINER.NS', 'LT.NS', 'TORNTPHARM.NS', 'BSE.NS', 'ABBOTINDIA.NS', 'ALKYLAMINE.NS', 'BERGEPAINT.NS', 'BALKRISIND.NS', 'BANKBARODA.NS', 'TATACONSUM.NS', 'ATUL.NS', 'INFY.NS', 'ADANIPORTS.NS', 'BRITANNIA.NS', 'SAIL.NS', 'BAJAJ-AUTO.NS', 'COALINDIA.NS', 'COLPAL.NS', 'TVSMOTOR.NS', 'CUMMINSIND.NS', 'CHOLAFIN.NS']: TypeError("'NoneType' object is not subscriptable")
2026-05-23 19:01:33 | ERROR | ['TATAMOTORS.NS', 'ZOMATO.NS', 'LTIM.NS']: possibly delisted; no timezone found
2026-05-23 19:01:33 | ERROR | ['BPCL.NS', 'AUBANK.NS', 'TIINDIA.NS', 'BEL.NS', 'CANBK.NS', 'MANAPPURAM.NS']: OperationalError('unable to open database file')
2026-05-23 19:01:33 | INFO | RISK-OFF — selling all holdings
2026-05-23 19:01:33 | INFO | Holdings saved: {}
2026-05-23 19:01:33 | INFO | Telegram not configured — skipping notification
2026-05-23 19:01:33 | INFO | All positions liquidated. Holding cash.
2026-05-23 19:04:25 | INFO | =======================================================
2026-05-23 19:04:25 | INFO | EXECUTION RUN — 2026-05-23 19:04:25
2026-05-23 19:04:25 | INFO | MODE: PAPER TRADING
2026-05-23 19:04:25 | INFO | =======================================================
2026-05-23 19:04:25 | INFO | Current holdings: None (empty)
2026-05-23 19:04:25 | INFO | Loaded latest prices for 149 stocks from cache
2026-05-23 19:04:25 | INFO | PAPER MODE — Kite Connect not initialised
2026-05-23 19:04:25 | INFO | Running signal engine...
2026-05-23 19:04:28 | ERROR | HTTP Error 404: {"quoteSummary":{"result":null,"error":{"code":"Not Found","description":"Quote not found for symbol: TATAMOTORS.NS"}}}
2026-05-23 19:04:28 | ERROR | $TATAMOTORS.NS: possibly delisted; no timezone found
2026-05-23 19:04:30 | ERROR | Failed to get ticker 'LTIM.NS' reason: Failed to perform, curl: (6) getaddrinfo() thread failed to start. See https://curl.se/libcurl/c/libcurl-errors.html first for more details.
2026-05-23 19:04:30 | ERROR | Failed to get ticker 'ZOMATO.NS' reason: unable to open database file
2026-05-23 19:04:30 | ERROR | $ZOMATO.NS: possibly delisted; no timezone found
2026-05-23 19:04:31 | ERROR | 
47 Failed downloads:
2026-05-23 19:04:31 | ERROR | ['TATAMOTORS.NS', 'ZOMATO.NS']: possibly delisted; no timezone found
2026-05-23 19:04:31 | ERROR | ['ITC.NS', 'DRREDDY.NS', 'NTPC.NS', 'BSE.NS', 'SUZLON.NS', 'BRIGADE.NS', 'COFORGE.NS', 'M&M.NS', 'JSWSTEEL.NS', 'BEL.NS', 'TIINDIA.NS', 'ABBOTINDIA.NS', 'KPITTECH.NS', 'HDFCAMC.NS', 'CDSL.NS', 'PHOENIXLTD.NS', 'SAIL.NS', 'MARICO.NS', 'CAMS.NS', 'ADANIPORTS.NS', 'LT.NS', 'HEROMOTOCO.NS', 'MRF.NS', 'STARHEALTH.NS', 'ALKYLAMINE.NS', 'PRESTIGE.NS', 'TATACOMM.NS', 'MCX.NS', 'ASHOKLEY.NS', 'ICICIGI.NS', 'CUMMINSIND.NS', 'ASIANPAINT.NS', 'DIVISLAB.NS', 'APOLLOHOSP.NS', 'BANKBARODA.NS', 'VOLTAS.NS', 'ONGC.NS', 'DEEPAKNTR.NS', 'ZYDUSLIFE.NS', 'AUBANK.NS', 'ALKEM.NS', 'JKCEMENT.NS', 'VEDL.NS', 'GODREJPROP.NS']: TypeError("'NoneType' object is not subscriptable")
2026-05-23 19:04:31 | ERROR | ['LTIM.NS']: DNSError('Failed to perform, curl: (6) getaddrinfo() thread failed to start. See https://curl.se/libcurl/c/libcurl-errors.html first for more details.')
2026-05-23 19:04:31 | INFO | Regime: RISK-OFF
2026-05-23 19:04:31 | INFO | RISK-OFF — liquidating all positions
2026-05-23 19:04:31 | INFO | Holdings saved: {}
2026-05-23 19:04:31 | INFO | Telegram not configured — skipping
2026-05-23 19:04:31 | INFO | Liquidation complete. Holding 100% cash.
2026-05-23 19:10:32 | INFO | =======================================================
2026-05-23 19:10:32 | INFO | EXECUTION RUN — 2026-05-23 19:10:32
2026-05-23 19:10:32 | INFO | MODE: PAPER TRADING
2026-05-23 19:10:32 | INFO | =======================================================
2026-05-23 19:10:32 | INFO | Current holdings: None (empty)
2026-05-23 19:10:32 | INFO | Loaded latest prices for 149 stocks from cache
2026-05-23 19:10:32 | INFO | PAPER MODE — Kite Connect not initialised
2026-05-23 19:10:32 | INFO | Running signal engine...
2026-05-23 19:10:32 | INFO | Regime: RISK-OFF
2026-05-23 19:10:32 | INFO | RISK-OFF — liquidating all positions
2026-05-23 19:10:32 | INFO | Holdings saved: {}
2026-05-23 19:10:32 | INFO | Telegram not configured — skipping
2026-05-23 19:10:32 | INFO | Liquidation complete. Holding 100% cash.
2026-05-23 19:15:44 | INFO | =======================================================
2026-05-23 19:15:44 | INFO | EXECUTION RUN — 2026-05-23 19:15:44
2026-05-23 19:15:44 | INFO | MODE: PAPER TRADING
2026-05-23 19:15:44 | INFO | =======================================================
2026-05-23 19:15:44 | INFO | Current holdings: None (empty)
2026-05-23 19:15:44 | INFO | Loaded latest prices for 149 stocks from cache
2026-05-23 19:15:44 | INFO | PAPER MODE — Kite Connect not initialised
2026-05-23 19:15:44 | INFO | Running signal engine...
2026-05-23 19:15:44 | INFO | Regime: RISK-OFF
2026-05-23 19:15:44 | INFO | RISK-OFF — liquidating all positions
2026-05-23 19:15:44 | INFO | Holdings saved: {}
2026-05-23 19:15:44 | INFO | Telegram not configured — skipping
2026-05-23 19:15:44 | INFO | Liquidation complete. Holding 100% cash.
2026-05-23 19:16:13 | INFO | =======================================================
2026-05-23 19:16:13 | INFO | EXECUTION RUN — 2026-05-23 19:16:13
2026-05-23 19:16:13 | INFO | MODE: PAPER TRADING
2026-05-23 19:16:13 | INFO | =======================================================
2026-05-23 19:16:13 | INFO | Current holdings: None (empty)
2026-05-23 19:16:14 | INFO | Loaded latest prices for 149 stocks from cache
2026-05-23 19:16:14 | INFO | PAPER MODE — Kite Connect not initialised
2026-05-23 19:16:14 | INFO | Running signal engine...
2026-05-23 19:16:14 | INFO | Regime: RISK-OFF
2026-05-23 19:16:14 | INFO | RISK-OFF — liquidating all positions
2026-05-23 19:16:14 | INFO | Holdings saved: {}
2026-05-23 19:16:14 | INFO | Telegram not configured — skipping
2026-05-23 19:16:14 | INFO | Liquidation complete. Holding 100% cash.
2026-05-23 19:26:28 | INFO | =======================================================
2026-05-23 19:26:28 | INFO | EXECUTION RUN — 2026-05-23 19:26:28
2026-05-23 19:26:28 | INFO | MODE: PAPER TRADING
2026-05-23 19:26:28 | INFO | =======================================================
2026-05-23 19:26:28 | INFO | Current holdings: None (empty)
2026-05-23 19:26:28 | INFO | Loaded latest prices for 149 stocks from cache
2026-05-23 19:26:28 | INFO | PAPER MODE — Kite Connect not initialised
2026-05-23 19:26:28 | INFO | Running signal engine...
2026-05-23 19:26:28 | INFO | Regime: RISK-OFF
2026-05-23 19:26:28 | INFO | RISK-OFF — liquidating all positions
2026-05-23 19:26:28 | INFO | Holdings saved: {}
2026-05-23 19:26:29 | INFO | Telegram notification sent
2026-05-23 19:26:29 | INFO | Liquidation complete. Holding 100% cash.
2026-05-24 12:58:57 | INFO | =======================================================
2026-05-24 12:58:57 | INFO | EXECUTION RUN — 2026-05-24 12:58:57
2026-05-24 12:58:57 | INFO | MODE: PAPER TRADING
2026-05-24 12:58:57 | INFO | =======================================================
2026-05-24 12:58:57 | INFO | Current holdings: None (empty)
2026-05-24 12:58:57 | INFO | Loaded latest prices for 149 stocks from cache
2026-05-24 12:58:57 | INFO | PAPER MODE — Kite Connect not initialised
2026-05-24 12:58:57 | INFO | Running signal engine...
2026-05-24 12:58:58 | INFO | Regime: RISK-OFF
2026-05-24 12:58:58 | INFO | RISK-OFF — liquidating all positions
2026-05-24 12:58:58 | INFO | Holdings saved: {}
2026-05-24 12:58:58 | INFO | Telegram notification sent
2026-05-24 12:58:58 | INFO | Liquidation complete. Holding 100% cash.
2026-05-25 03:39:45 | INFO | =======================================================
2026-05-25 03:39:45 | INFO | EXECUTION RUN — 2026-05-25 03:39:45
2026-05-25 03:39:45 | INFO | MODE          : PAPER
2026-05-25 03:39:45 | INFO | TYPE          : MONITORING + EXIT CHECK
2026-05-25 03:39:45 | INFO | =======================================================
2026-05-25 03:39:45 | INFO | Current holdings: None (empty)
2026-05-25 03:39:45 | INFO | Loaded latest prices for 149 stocks from cache
2026-05-25 03:39:45 | INFO | PAPER MODE — Kite Connect not initialised
2026-05-25 03:39:45 | INFO | Running signal engine...
2026-05-25 03:39:45 | INFO | Regime: RISK-OFF
2026-05-25 03:39:45 | INFO | RISK-OFF — liquidating all positions immediately
2026-05-25 03:39:45 | INFO | Holdings saved: {}
2026-05-25 03:39:46 | INFO | Telegram notification sent
2026-05-25 03:39:46 | INFO | Liquidation complete.
2026-05-25 03:47:34 | INFO | =======================================================
2026-05-25 03:47:34 | INFO | EXECUTION RUN — 2026-05-25 03:47:34
2026-05-25 03:47:34 | INFO | MODE          : PAPER
2026-05-25 03:47:34 | INFO | TYPE          : MONITORING + EXIT CHECK
2026-05-25 03:47:34 | INFO | =======================================================
2026-05-25 03:47:34 | INFO | Current holdings: None (empty)
2026-05-25 03:47:34 | INFO | Loaded latest prices for 149 stocks from cache
2026-05-25 03:47:34 | INFO | PAPER MODE — Kite Connect not initialised
2026-05-25 03:47:34 | INFO | Running signal engine...
2026-05-25 03:47:34 | INFO | Regime: RISK-ON
2026-05-25 03:47:35 | INFO | Holdings saved: {}
2026-05-25 03:47:35 | INFO | Telegram notification sent
2026-05-25 03:47:35 | INFO | Final portfolio: []
2026-05-25 03:47:35 | INFO | =======================================================
2026-05-25 03:52:17 | INFO | =======================================================
2026-05-25 03:52:17 | INFO | EXECUTION RUN — 2026-05-25 03:52:17
2026-05-25 03:52:17 | INFO | MODE          : PAPER
2026-05-25 03:52:17 | INFO | TYPE          : MONITORING + EXIT CHECK
2026-05-25 03:52:17 | INFO | =======================================================
2026-05-25 03:52:17 | INFO | Current holdings: None (empty)
2026-05-25 03:52:17 | INFO | Loaded latest prices for 149 stocks from cache
2026-05-25 03:52:17 | INFO | PAPER MODE — Kite Connect not initialised
2026-05-25 03:52:17 | INFO | Running signal engine...
2026-05-25 03:52:18 | INFO | Regime: RISK-ON
2026-05-25 03:52:18 | INFO | Holdings saved: {}
2026-05-25 03:52:19 | INFO | Telegram notification sent
2026-05-25 03:52:19 | INFO | Final portfolio: []
2026-05-25 03:52:19 | INFO | =======================================================
2026-05-25 04:01:01 | INFO | =======================================================
2026-05-25 04:01:01 | INFO | EXECUTION RUN — 2026-05-25 04:01:01
2026-05-25 04:01:01 | INFO | MODE          : PAPER
2026-05-25 04:01:01 | INFO | TYPE          : FULL REBALANCE
2026-05-25 04:01:01 | INFO | =======================================================
2026-05-25 04:01:01 | INFO | Current holdings: None (empty)
2026-05-25 04:01:01 | INFO | Loaded latest prices for 149 stocks from cache
2026-05-25 04:01:01 | INFO | PAPER MODE — Kite Connect not initialised
2026-05-25 04:01:01 | INFO | Running signal engine...
2026-05-25 04:01:02 | INFO | Regime: RISK-ON
2026-05-25 04:01:02 | INFO | Full monthly rebalance — reviewing all positions...
2026-05-25 04:01:02 | INFO | [PAPER] BUY  | MCX             |     4 shares @ ₹  3316.5 | Total: ₹    13,266
2026-05-25 04:01:02 | INFO | [PAPER] BUY  | BHARATFORG      |     7 shares @ ₹  1924.4 | Total: ₹    13,471
2026-05-25 04:01:02 | INFO | [PAPER] BUY  | CUMMINSIND      |     2 shares @ ₹  5446.1 | Total: ₹    10,892
2026-05-25 04:01:02 | INFO | [PAPER] BUY  | BSE             |     3 shares @ ₹  4271.2 | Total: ₹    12,814
2026-05-25 04:01:02 | INFO | [PAPER] BUY  | BHEL            |    34 shares @ ₹   414.1 | Total: ₹    14,079
2026-05-25 04:01:02 | INFO | [PAPER] BUY  | HINDALCO        |    12 shares @ ₹  1115.5 | Total: ₹    13,386
2026-05-25 04:01:02 | INFO | [PAPER] BUY  | SAIL            |    70 shares @ ₹   203.4 | Total: ₹    14,238
2026-05-25 04:01:02 | INFO | Holdings saved: {'MCX': 4, 'BHARATFORG': 7, 'CUMMINSIND': 2, 'BSE': 3, 'BHEL': 34, 'HINDALCO': 12, 'SAIL': 70}
2026-05-25 04:01:03 | INFO | Telegram notification sent
2026-05-25 04:01:03 | INFO | Final portfolio: ['MCX', 'BHARATFORG', 'CUMMINSIND', 'BSE', 'BHEL', 'HINDALCO', 'SAIL']
2026-05-25 04:01:03 | INFO | =======================================================
2026-05-25 04:01:30 | INFO | =======================================================
2026-05-25 04:01:30 | INFO | EXECUTION RUN — 2026-05-25 04:01:30
2026-05-25 04:01:30 | INFO | MODE          : PAPER
2026-05-25 04:01:30 | INFO | TYPE          : FULL REBALANCE
2026-05-25 04:01:30 | INFO | =======================================================
2026-05-25 04:01:30 | INFO | Current holdings: ['MCX', 'BHARATFORG', 'CUMMINSIND', 'BSE', 'BHEL', 'HINDALCO', 'SAIL']
2026-05-25 04:01:30 | INFO | Loaded latest prices for 149 stocks from cache
2026-05-25 04:01:30 | INFO | PAPER MODE — Kite Connect not initialised
2026-05-25 04:01:30 | INFO | Running signal engine...
2026-05-25 04:01:30 | INFO | Regime: RISK-ON
2026-05-25 04:01:31 | INFO | Full monthly rebalance — reviewing all positions...
2026-05-25 04:01:31 | INFO | [PAPER] BUY  | MCX             |     4 shares @ ₹  3316.5 | Total: ₹    13,266
2026-05-25 04:01:31 | INFO | [PAPER] BUY  | BHARATFORG      |     7 shares @ ₹  1924.4 | Total: ₹    13,471
2026-05-25 04:01:31 | INFO | [PAPER] BUY  | CUMMINSIND      |     3 shares @ ₹  5446.1 | Total: ₹    16,338
2026-05-25 04:01:31 | INFO | [PAPER] BUY  | BSE             |     3 shares @ ₹  4271.2 | Total: ₹    12,814
2026-05-25 04:01:31 | INFO | [PAPER] BUY  | BHEL            |    32 shares @ ₹   414.1 | Total: ₹    13,251
2026-05-25 04:01:31 | INFO | [PAPER] BUY  | HINDALCO        |    12 shares @ ₹  1115.5 | Total: ₹    13,386
2026-05-25 04:01:31 | INFO | [PAPER] BUY  | SAIL            |    65 shares @ ₹   203.4 | Total: ₹    13,221
2026-05-25 04:01:31 | INFO | Holdings saved: {'MCX': 8, 'BHARATFORG': 14, 'CUMMINSIND': 5, 'BSE': 6, 'BHEL': 66, 'HINDALCO': 24, 'SAIL': 135}
2026-05-25 04:01:31 | INFO | Telegram notification sent
2026-05-25 04:01:31 | INFO | Final portfolio: ['MCX', 'BHARATFORG', 'CUMMINSIND', 'BSE', 'BHEL', 'HINDALCO', 'SAIL']
2026-05-25 04:01:31 | INFO | =======================================================
2026-05-25 04:20:35 | INFO | =======================================================
2026-05-25 04:20:35 | INFO | EXECUTION RUN — 2026-05-25 04:20:35
2026-05-25 04:20:35 | INFO | MODE          : PAPER
2026-05-25 04:21:49 | INFO | =======================================================
2026-05-25 04:21:49 | INFO | EXECUTION RUN — 2026-05-25 04:21:49
2026-05-25 04:21:49 | INFO | MODE          : PAPER
2026-05-25 04:24:59 | INFO | =======================================================
2026-05-25 04:24:59 | INFO | EXECUTION RUN — 2026-05-25 04:24:59
2026-05-25 04:24:59 | INFO | MODE          : PAPER
2026-05-25 04:24:59 | INFO | =======================================================
2026-05-25 04:24:59 | INFO | Current holdings: None (empty)
2026-05-25 04:24:59 | INFO | Loaded latest prices for 149 stocks from cache
2026-05-25 04:24:59 | INFO | PAPER MODE — Kite Connect not initialised
2026-05-25 04:24:59 | INFO | Running signal engine...
2026-05-25 04:25:00 | INFO | Regime: RISK-ON
2026-05-25 04:25:00 | INFO | Full monthly rebalance — reviewing all positions...
2026-05-25 04:25:00 | INFO | [PAPER] BUY  | MCX             |     4 shares @ ₹  3316.5 | Total: ₹    13,266
2026-05-25 04:25:00 | INFO | [PAPER] BUY  | BHARATFORG      |     7 shares @ ₹  1924.4 | Total: ₹    13,471
2026-05-25 04:25:00 | INFO | [PAPER] BUY  | CUMMINSIND      |     2 shares @ ₹  5446.1 | Total: ₹    10,892
2026-05-25 04:25:00 | INFO | [PAPER] BUY  | BSE             |     3 shares @ ₹  4271.2 | Total: ₹    12,814
2026-05-25 04:25:00 | INFO | [PAPER] BUY  | BHEL            |    34 shares @ ₹   414.1 | Total: ₹    14,079
2026-05-25 04:25:00 | INFO | [PAPER] BUY  | HINDALCO        |    12 shares @ ₹  1115.5 | Total: ₹    13,386
2026-05-25 04:25:00 | INFO | [PAPER] BUY  | SAIL            |    70 shares @ ₹   203.4 | Total: ₹    14,238
2026-05-25 04:25:00 | INFO | Holdings saved: {'MCX': 4, 'BHARATFORG': 7, 'CUMMINSIND': 2, 'BSE': 3, 'BHEL': 34, 'HINDALCO': 12, 'SAIL': 70}
2026-05-25 04:25:01 | INFO | Telegram notification sent
2026-05-25 04:25:01 | INFO | Final portfolio: ['MCX', 'BHARATFORG', 'CUMMINSIND', 'BSE', 'BHEL', 'HINDALCO', 'SAIL']
2026-05-25 04:25:01 | INFO | =======================================================
2026-05-25 10:58:58 | INFO | =======================================================
2026-05-25 10:58:58 | INFO | EXECUTION RUN — 2026-05-25 10:58:58
2026-05-25 10:58:58 | INFO | MODE          : PAPER
2026-05-25 10:58:58 | INFO | =======================================================
2026-05-25 10:59:31 | INFO | =======================================================
2026-05-25 10:59:31 | INFO | EXECUTION RUN — 2026-05-25 10:59:31
2026-05-25 10:59:31 | INFO | MODE          : PAPER
2026-05-25 10:59:31 | INFO | =======================================================
2026-05-25 10:59:31 | INFO | Current holdings: ['MCX', 'BHARATFORG', 'CUMMINSIND', 'BSE', 'BHEL', 'HINDALCO', 'SAIL']
2026-05-25 10:59:32 | INFO | Loaded latest prices for 250 stocks from cache
2026-05-25 10:59:32 | INFO | PAPER MODE — Kite Connect not initialised
2026-05-25 10:59:32 | INFO | Running signal engine...
2026-05-25 10:59:33 | INFO | Regime: RISK-ON
2026-05-25 10:59:33 | INFO | Holdings saved: {'MCX': 4, 'BHARATFORG': 7, 'CUMMINSIND': 2, 'BSE': 3, 'BHEL': 34, 'HINDALCO': 12, 'SAIL': 70}
2026-05-25 10:59:34 | INFO | Telegram notification sent
2026-05-25 10:59:34 | INFO | Final portfolio: ['MCX', 'BHARATFORG', 'CUMMINSIND', 'BSE', 'BHEL', 'HINDALCO', 'SAIL']
2026-05-25 10:59:34 | INFO | =======================================================
2026-05-25 11:00:48 | INFO | =======================================================
2026-05-25 11:00:48 | INFO | EXECUTION RUN — 2026-05-25 11:00:48
2026-05-25 11:00:48 | INFO | MODE          : PAPER
2026-05-25 11:00:48 | INFO | =======================================================
2026-05-25 11:00:48 | INFO | Current holdings: ['MCX', 'BHARATFORG', 'CUMMINSIND', 'BSE', 'BHEL', 'HINDALCO', 'SAIL']
2026-05-25 11:00:48 | INFO | Loaded latest prices for 250 stocks from cache
2026-05-25 11:00:48 | INFO | PAPER MODE — Kite Connect not initialised
2026-05-25 11:00:48 | INFO | Running signal engine...
2026-05-25 11:00:49 | INFO | Regime: RISK-ON
2026-05-25 11:00:50 | INFO | Holdings saved: {'MCX': 4, 'BHARATFORG': 7, 'CUMMINSIND': 2, 'BSE': 3, 'BHEL': 34, 'HINDALCO': 12, 'SAIL': 70}
2026-05-25 11:00:51 | INFO | Telegram notification sent
2026-05-25 11:00:51 | INFO | Final portfolio: ['MCX', 'BHARATFORG', 'CUMMINSIND', 'BSE', 'BHEL', 'HINDALCO', 'SAIL']
2026-05-25 11:00:51 | INFO | =======================================================
2026-05-25 11:01:20 | INFO | =======================================================
2026-05-25 11:01:20 | INFO | EXECUTION RUN — 2026-05-25 11:01:20
2026-05-25 11:01:20 | INFO | MODE          : PAPER
2026-05-25 11:01:20 | INFO | =======================================================
2026-05-25 11:01:50 | INFO | =======================================================
2026-05-25 11:01:50 | INFO | EXECUTION RUN — 2026-05-25 11:01:50
2026-05-25 11:01:50 | INFO | MODE          : PAPER
2026-05-25 11:01:50 | INFO | =======================================================
2026-05-25 11:01:50 | INFO | Current holdings: ['MCX', 'BHARATFORG', 'CUMMINSIND', 'BSE', 'BHEL', 'HINDALCO', 'SAIL']
2026-05-25 11:01:50 | INFO | Loaded latest prices for 250 stocks from cache
2026-05-25 11:01:50 | INFO | PAPER MODE — Kite Connect not initialised
2026-05-25 11:01:50 | INFO | Running signal engine...
2026-05-25 11:01:51 | INFO | Regime: RISK-ON
2026-05-25 11:01:52 | INFO | Holdings saved: {'MCX': 4, 'BHARATFORG': 7, 'CUMMINSIND': 2, 'BSE': 3, 'BHEL': 34, 'HINDALCO': 12, 'SAIL': 70}
2026-05-25 11:02:15 | INFO | =======================================================
2026-05-25 11:02:15 | INFO | EXECUTION RUN — 2026-05-25 11:02:15
2026-05-25 11:02:15 | INFO | MODE          : PAPER
2026-05-25 11:02:15 | INFO | =======================================================
2026-05-25 11:02:15 | INFO | Current holdings: ['MCX', 'BHARATFORG', 'CUMMINSIND', 'BSE', 'BHEL', 'HINDALCO', 'SAIL']
2026-05-25 11:02:15 | INFO | Loaded latest prices for 250 stocks from cache
2026-05-25 11:02:15 | INFO | PAPER MODE — Kite Connect not initialised
2026-05-25 11:02:15 | INFO | Running signal engine...
2026-05-25 11:02:15 | INFO | Regime: RISK-ON
2026-05-25 11:02:16 | INFO | Holdings saved: {'MCX': 4, 'BHARATFORG': 7, 'CUMMINSIND': 2, 'BSE': 3, 'BHEL': 34, 'HINDALCO': 12, 'SAIL': 70}
2026-05-25 11:02:36 | INFO | =======================================================
2026-05-25 11:02:36 | INFO | EXECUTION RUN — 2026-05-25 11:02:36
2026-05-25 11:02:36 | INFO | MODE          : PAPER
2026-05-25 11:02:36 | INFO | =======================================================
2026-05-25 11:02:36 | INFO | Current holdings: ['MCX', 'BHARATFORG', 'CUMMINSIND', 'BSE', 'BHEL', 'HINDALCO', 'SAIL']
2026-05-25 11:02:36 | INFO | Loaded latest prices for 250 stocks from cache
2026-05-25 11:02:36 | INFO | PAPER MODE — Kite Connect not initialised
2026-05-25 11:02:36 | INFO | Running signal engine...
2026-05-25 11:02:37 | INFO | Regime: RISK-ON
2026-05-25 11:02:38 | INFO | Holdings saved: {'MCX': 4, 'BHARATFORG': 7, 'CUMMINSIND': 2, 'BSE': 3, 'BHEL': 34, 'HINDALCO': 12, 'SAIL': 70}
2026-05-25 11:02:38 | INFO | Telegram notification sent
2026-05-25 11:03:35 | INFO | =======================================================
2026-05-25 11:03:35 | INFO | EXECUTION RUN — 2026-05-25 11:03:35
2026-05-25 11:03:35 | INFO | MODE          : PAPER
2026-05-25 11:03:35 | INFO | =======================================================
2026-05-25 11:03:35 | INFO | Current holdings: ['MCX', 'BHARATFORG', 'CUMMINSIND', 'BSE', 'BHEL', 'HINDALCO', 'SAIL']
2026-05-25 11:03:35 | INFO | Loaded latest prices for 250 stocks from cache
2026-05-25 11:03:35 | INFO | PAPER MODE — Kite Connect not initialised
2026-05-25 11:03:35 | INFO | Running signal engine...
2026-05-25 11:03:36 | INFO | Regime: RISK-ON
2026-05-25 11:03:37 | INFO | Holdings saved: {'MCX': 4, 'BHARATFORG': 7, 'CUMMINSIND': 2, 'BSE': 3, 'BHEL': 34, 'HINDALCO': 12, 'SAIL': 70}
2026-05-25 11:03:37 | INFO | Telegram notification sent
2026-05-25 11:03:37 | INFO | Final portfolio: ['MCX', 'BHARATFORG', 'CUMMINSIND', 'BSE', 'BHEL', 'HINDALCO', 'SAIL']
2026-05-25 11:03:37 | INFO | =======================================================
2026-05-25 11:04:14 | INFO | =======================================================
2026-05-25 11:04:14 | INFO | EXECUTION RUN — 2026-05-25 11:04:14
2026-05-25 11:04:14 | INFO | MODE          : PAPER
2026-05-25 11:04:14 | INFO | =======================================================
2026-05-25 11:04:14 | INFO | Current holdings: ['MCX', 'BHARATFORG', 'CUMMINSIND', 'BSE', 'BHEL', 'HINDALCO', 'SAIL']
2026-05-25 11:04:14 | INFO | Loaded latest prices for 250 stocks from cache
2026-05-25 11:04:14 | INFO | PAPER MODE — Kite Connect not initialised
2026-05-25 11:04:14 | INFO | Running signal engine...
2026-05-25 11:04:15 | INFO | Regime: RISK-ON
2026-05-25 11:04:15 | INFO | Holdings saved: {'MCX': 4, 'BHARATFORG': 7, 'CUMMINSIND': 2, 'BSE': 3, 'BHEL': 34, 'HINDALCO': 12, 'SAIL': 70}
2026-05-25 11:04:16 | INFO | Telegram notification sent
2026-05-25 11:04:16 | INFO | Final portfolio: ['MCX', 'BHARATFORG', 'CUMMINSIND', 'BSE', 'BHEL', 'HINDALCO', 'SAIL']
2026-05-25 11:04:16 | INFO | =======================================================
2026-05-25 12:51:13 | INFO | =======================================================
2026-05-25 12:51:13 | INFO | EXECUTION RUN — 2026-05-25 12:51:13
2026-05-25 12:51:13 | INFO | MODE          : PAPER
2026-05-25 12:51:13 | INFO | =======================================================
2026-05-25 12:51:13 | INFO | Current holdings: None (empty)
2026-05-25 12:51:13 | INFO | Loaded latest prices for 250 stocks from cache
2026-05-25 12:51:13 | INFO | PAPER MODE — Kite Connect not initialised
2026-05-25 12:51:13 | INFO | Running signal engine...
2026-05-25 12:51:14 | INFO | Regime: RISK-ON
2026-05-25 12:51:15 | INFO | Full monthly rebalance — reviewing all positions...
2026-05-25 12:51:15 | INFO | [PAPER] BUY  | NATIONALUM      |    35 shares @ ₹   404.8 | Total: ₹    14,168
2026-05-25 14:23:28 | INFO | =======================================================
2026-05-25 14:23:28 | INFO | EXECUTION RUN — 2026-05-25 14:23:28
2026-05-25 14:23:28 | INFO | MODE          : PAPER
2026-05-25 14:23:28 | INFO | =======================================================
2026-05-25 14:23:28 | INFO | Current holdings: None (empty)
2026-05-25 14:23:29 | INFO | Loaded latest prices for 250 stocks from cache
2026-05-25 14:23:29 | INFO | PAPER MODE — Kite Connect not initialised
2026-05-25 14:23:29 | INFO | Running signal engine...
2026-05-25 14:23:29 | INFO | Regime: RISK-ON
2026-05-25 14:23:30 | INFO | Full monthly rebalance — reviewing all positions...
2026-05-25 14:23:30 | INFO | [PAPER] BUY  | NATIONALUM      |    35 shares @ ₹   404.8 | Total: ₹    14,168
2026-05-25 14:23:57 | INFO | =======================================================
2026-05-25 14:23:57 | INFO | EXECUTION RUN — 2026-05-25 14:23:57
2026-05-25 14:23:57 | INFO | MODE          : PAPER
2026-05-25 14:23:57 | INFO | =======================================================
2026-05-25 14:23:57 | INFO | Current holdings: None (empty)
2026-05-25 14:23:58 | INFO | Loaded latest prices for 250 stocks from cache
2026-05-25 14:23:58 | INFO | PAPER MODE — Kite Connect not initialised
2026-05-25 14:23:58 | INFO | Running signal engine...
2026-05-25 14:23:59 | INFO | Regime: RISK-ON
2026-05-25 14:23:59 | INFO | Full monthly rebalance — reviewing all positions...
2026-05-25 14:23:59 | INFO | [PAPER] BUY  | NATIONALUM      |    35 shares @ ₹   404.8 | Total: ₹    14,168
2026-05-25 14:23:59 | INFO | [PAPER] BUY  | GVT&D           |     2 shares @ ₹  4795.3 | Total: ₹     9,591
2026-05-25 14:23:59 | INFO | [PAPER] BUY  | APARINDS        |     1 shares @ ₹ 12586.6 | Total: ₹    12,587
2026-05-25 14:23:59 | INFO | [PAPER] BUY  | MCX             |     4 shares @ ₹  3352.7 | Total: ₹    13,411
2026-05-25 14:23:59 | INFO | [PAPER] BUY  | BHARATFORG      |     7 shares @ ₹  1926.1 | Total: ₹    13,483
2026-05-25 14:23:59 | INFO | [PAPER] BUY  | ADANIPOWER      |    61 shares @ ₹   233.4 | Total: ₹    14,237
2026-05-25 14:23:59 | INFO | Holdings saved: {'NATIONALUM': 35, 'GVT&D': 2, 'APARINDS': 1, 'MCX': 4, 'BHARATFORG': 7, 'ADANIPOWER': 61}
2026-05-25 14:24:00 | INFO | Telegram notification sent
2026-05-25 14:24:00 | INFO | Final portfolio: ['NATIONALUM', 'GVT&D', 'APARINDS', 'MCX', 'BHARATFORG', 'ADANIPOWER']
2026-05-25 14:24:00 | INFO | =======================================================
2026-05-26 03:50:44 | INFO | =======================================================
2026-05-26 03:50:45 | INFO | EXECUTION RUN — 2026-05-26 03:50:45
2026-05-26 03:50:45 | INFO | MODE          : PAPER
2026-05-26 03:50:45 | INFO | =======================================================
2026-05-26 03:50:45 | INFO | Current holdings: None (empty)
2026-05-26 03:50:45 | INFO | Loaded latest prices for 250 stocks from cache
2026-05-26 03:50:45 | INFO | PAPER MODE — Kite Connect not initialised
2026-05-26 03:50:45 | INFO | Running signal engine...
2026-05-26 03:50:46 | INFO | Regime: RISK-ON
2026-05-26 03:50:46 | INFO | Full monthly rebalance — reviewing all positions...
2026-05-26 03:51:12 | INFO | =======================================================
2026-05-26 03:51:12 | INFO | EXECUTION RUN — 2026-05-26 03:51:12
2026-05-26 03:51:12 | INFO | MODE          : PAPER
2026-05-26 03:51:12 | INFO | =======================================================
2026-05-26 03:51:12 | INFO | Current holdings: None (empty)
2026-05-26 03:51:12 | INFO | Loaded latest prices for 250 stocks from cache
2026-05-26 03:51:12 | INFO | PAPER MODE — Kite Connect not initialised
2026-05-26 03:51:12 | INFO | Running signal engine...
2026-05-26 03:51:13 | INFO | Regime: RISK-ON
2026-05-26 03:51:13 | INFO | Full monthly rebalance — reviewing all positions...
2026-05-26 03:51:13 | INFO | Regime strength: 57% | Deploying 4 positions @ 14,144 each
2026-05-26 03:51:13 | INFO | [PAPER] BUY  | NATIONALUM      |    35 shares @ ₹   404.8 | Total: ₹    14,168
2026-05-26 03:51:13 | INFO | [PAPER] BUY  | GVT&D           |     2 shares @ ₹  4795.3 | Total: ₹     9,591
2026-05-26 03:51:13 | INFO | [PAPER] BUY  | APARINDS        |     1 shares @ ₹ 12586.6 | Total: ₹    12,587
2026-05-26 03:51:13 | INFO | [PAPER] BUY  | MCX             |     4 shares @ ₹  3352.7 | Total: ₹    13,411
2026-05-26 03:51:13 | INFO | [PAPER] BUY  | BHARATFORG      |     7 shares @ ₹  1926.1 | Total: ₹    13,483
2026-05-26 03:51:13 | INFO | [PAPER] BUY  | ADANIPOWER      |    60 shares @ ₹   233.4 | Total: ₹    14,004
2026-05-26 03:51:13 | INFO | Holdings saved: {'NATIONALUM': 35, 'GVT&D': 2, 'APARINDS': 1, 'MCX': 4, 'BHARATFORG': 7, 'ADANIPOWER': 60}
2026-05-26 03:51:14 | INFO | Telegram notification sent
2026-05-26 03:51:14 | INFO | Final portfolio: ['NATIONALUM', 'GVT&D', 'APARINDS', 'MCX', 'BHARATFORG', 'ADANIPOWER']
2026-05-26 03:51:14 | INFO | =======================================================
2026-05-26 03:54:14 | INFO | =======================================================
2026-05-26 03:54:14 | INFO | EXECUTION RUN — 2026-05-26 03:54:14
2026-05-26 03:54:14 | INFO | MODE          : PAPER
2026-05-26 03:54:14 | INFO | =======================================================
2026-05-26 03:54:14 | INFO | Current holdings: None (empty)
2026-05-26 03:54:14 | INFO | Loaded latest prices for 250 stocks from cache
2026-05-26 03:54:14 | INFO | PAPER MODE — Kite Connect not initialised
2026-05-26 03:54:14 | INFO | Running signal engine...
2026-05-26 03:54:15 | INFO | Regime: RISK-ON
2026-05-26 03:54:16 | INFO | Full monthly rebalance — reviewing all positions...
2026-05-26 03:54:42 | INFO | =======================================================
2026-05-26 03:54:42 | INFO | EXECUTION RUN — 2026-05-26 03:54:42
2026-05-26 03:54:42 | INFO | MODE          : PAPER
2026-05-26 03:54:42 | INFO | =======================================================
2026-05-26 03:54:42 | INFO | Current holdings: None (empty)
2026-05-26 03:54:43 | INFO | Loaded latest prices for 250 stocks from cache
2026-05-26 03:54:43 | INFO | PAPER MODE — Kite Connect not initialised
2026-05-26 03:54:43 | INFO | Running signal engine...
2026-05-26 03:54:43 | INFO | Regime: RISK-ON
2026-05-26 03:54:44 | INFO | Full monthly rebalance — reviewing all positions...
2026-05-26 03:55:34 | INFO | =======================================================
2026-05-26 03:55:34 | INFO | EXECUTION RUN — 2026-05-26 03:55:34
2026-05-26 03:55:34 | INFO | MODE          : PAPER
2026-05-26 03:55:34 | INFO | =======================================================
2026-05-26 03:55:34 | INFO | Current holdings: None (empty)
2026-05-26 03:55:34 | INFO | Loaded latest prices for 250 stocks from cache
2026-05-26 03:55:34 | INFO | PAPER MODE — Kite Connect not initialised
2026-05-26 03:55:34 | INFO | Running signal engine...
2026-05-26 03:55:35 | INFO | Regime: RISK-ON
2026-05-26 03:55:36 | INFO | Full monthly rebalance — reviewing all positions...
2026-05-26 03:55:36 | INFO | Regime strength: 57% | Deploying 4 positions @ 14,144 each
2026-05-26 03:55:36 | INFO | [PAPER] BUY  | NATIONALUM      |    35 shares @ ₹   404.8 | Total: ₹    14,168
2026-05-26 03:55:36 | INFO | [PAPER] BUY  | GVT&D           |     2 shares @ ₹  4795.3 | Total: ₹     9,591
2026-05-26 03:55:36 | INFO | [PAPER] BUY  | APARINDS        |     1 shares @ ₹ 12586.6 | Total: ₹    12,587
2026-05-26 03:55:36 | INFO | [PAPER] BUY  | MCX             |     4 shares @ ₹  3352.7 | Total: ₹    13,411
2026-05-26 03:55:36 | INFO | [PAPER] BUY  | BHARATFORG      |     7 shares @ ₹  1926.1 | Total: ₹    13,483
2026-05-26 03:55:36 | INFO | [PAPER] BUY  | ADANIPOWER      |    60 shares @ ₹   233.4 | Total: ₹    14,004
2026-05-26 03:55:36 | INFO | Holdings saved: {'NATIONALUM': 35, 'GVT&D': 2, 'APARINDS': 1, 'MCX': 4, 'BHARATFORG': 7, 'ADANIPOWER': 60}
2026-05-26 03:55:36 | INFO | Telegram notification sent
2026-05-26 03:55:36 | INFO | Final portfolio: ['NATIONALUM', 'GVT&D', 'APARINDS', 'MCX', 'BHARATFORG', 'ADANIPOWER']
2026-05-26 03:55:36 | INFO | =======================================================
2026-05-26 03:57:13 | INFO | =======================================================
2026-05-26 03:57:13 | INFO | EXECUTION RUN — 2026-05-26 03:57:13
2026-05-26 03:57:13 | INFO | MODE          : PAPER
2026-05-26 03:57:13 | INFO | =======================================================
2026-05-26 03:57:13 | INFO | Current holdings: None (empty)
2026-05-26 03:57:13 | INFO | Loaded latest prices for 250 stocks from cache
2026-05-26 03:57:13 | INFO | PAPER MODE — Kite Connect not initialised
2026-05-26 03:57:13 | INFO | Running signal engine...
2026-05-26 03:57:14 | INFO | Regime: RISK-ON
2026-05-26 03:57:14 | INFO | Full monthly rebalance — reviewing all positions...
2026-05-26 03:57:14 | INFO | Regime strength: 57% | Deploying 4 positions @ 14,144 each
2026-05-26 03:57:14 | INFO | [PAPER] BUY  | NATIONALUM      |    35 shares @ ₹   404.8 | Total: ₹    14,168
2026-05-26 03:57:14 | INFO | [PAPER] BUY  | GVT&D           |     2 shares @ ₹  4795.3 | Total: ₹     9,591
2026-05-26 03:57:14 | INFO | [PAPER] BUY  | APARINDS        |     1 shares @ ₹ 12586.6 | Total: ₹    12,587
2026-05-26 03:57:14 | INFO | Holdings saved: {'NATIONALUM': 35, 'GVT&D': 2, 'APARINDS': 1}
2026-05-26 03:57:15 | INFO | Telegram notification sent
2026-05-26 03:57:15 | INFO | Final portfolio: ['NATIONALUM', 'GVT&D', 'APARINDS']
2026-05-26 03:57:15 | INFO | =======================================================
2026-05-26 03:57:54 | INFO | =======================================================
2026-05-26 03:57:54 | INFO | EXECUTION RUN — 2026-05-26 03:57:54
2026-05-26 03:57:54 | INFO | MODE          : PAPER
2026-05-26 03:57:54 | INFO | =======================================================
2026-05-26 03:57:54 | INFO | Current holdings: None (empty)
2026-05-26 03:57:55 | INFO | Loaded latest prices for 250 stocks from cache
2026-05-26 03:57:55 | INFO | PAPER MODE — Kite Connect not initialised
2026-05-26 03:57:55 | INFO | Running signal engine...
2026-05-26 03:57:55 | INFO | Regime: RISK-ON
2026-05-26 03:57:56 | INFO | Full monthly rebalance — reviewing all positions...
2026-05-26 03:57:56 | INFO | Regime strength: 57% | Deploying 4 positions @ 14,144 each
2026-05-26 03:57:56 | INFO | [PAPER] BUY  | NATIONALUM      |    35 shares @ ₹   404.8 | Total: ₹    14,168
2026-05-26 03:57:56 | INFO | [PAPER] BUY  | GVT&D           |     2 shares @ ₹  4795.3 | Total: ₹     9,591
2026-05-26 03:57:56 | INFO | [PAPER] BUY  | APARINDS        |     1 shares @ ₹ 12586.6 | Total: ₹    12,587
2026-05-26 03:57:56 | INFO | [PAPER] BUY  | MCX             |     4 shares @ ₹  3352.7 | Total: ₹    13,411
2026-05-26 03:57:56 | INFO | [PAPER] BUY  | BHARATFORG      |     7 shares @ ₹  1926.1 | Total: ₹    13,483
2026-05-26 03:57:56 | INFO | [PAPER] BUY  | ADANIPOWER      |    60 shares @ ₹   233.4 | Total: ₹    14,004
2026-05-26 03:57:56 | INFO | Holdings saved: {'NATIONALUM': 35, 'GVT&D': 2, 'APARINDS': 1, 'MCX': 4, 'BHARATFORG': 7, 'ADANIPOWER': 60}
2026-05-26 03:57:57 | INFO | Telegram notification sent
2026-05-26 03:57:57 | INFO | Final portfolio: ['NATIONALUM', 'GVT&D', 'APARINDS', 'MCX', 'BHARATFORG', 'ADANIPOWER']
2026-05-26 03:57:57 | INFO | =======================================================
2026-05-26 03:58:34 | INFO | =======================================================
2026-05-26 03:58:34 | INFO | EXECUTION RUN — 2026-05-26 03:58:34
2026-05-26 03:58:34 | INFO | MODE          : PAPER
2026-05-26 03:58:34 | INFO | =======================================================
2026-05-26 03:58:34 | INFO | Current holdings: None (empty)
2026-05-26 03:58:35 | INFO | Loaded latest prices for 250 stocks from cache
2026-05-26 03:58:35 | INFO | PAPER MODE — Kite Connect not initialised
2026-05-26 03:58:35 | INFO | Running signal engine...
2026-05-26 03:58:35 | INFO | Regime: RISK-ON
2026-05-26 03:58:36 | INFO | Full monthly rebalance — reviewing all positions...
2026-05-26 03:58:36 | INFO | Regime strength: 57% | Deploying 4 positions @ 14,144 each
2026-05-26 03:58:36 | INFO | [PAPER] BUY  | NATIONALUM      |    35 shares @ ₹   404.8 | Total: ₹    14,168
2026-05-26 03:58:36 | INFO | [PAPER] BUY  | GVT&D           |     2 shares @ ₹  4795.3 | Total: ₹     9,591
2026-05-26 03:58:36 | INFO | [PAPER] BUY  | APARINDS        |     1 shares @ ₹ 12586.6 | Total: ₹    12,587
2026-05-26 03:58:36 | INFO | [PAPER] BUY  | MCX             |     4 shares @ ₹  3352.7 | Total: ₹    13,411
2026-05-26 03:58:36 | INFO | Holdings saved: {'NATIONALUM': 35, 'GVT&D': 2, 'APARINDS': 1, 'MCX': 4}
2026-05-26 03:58:37 | INFO | Telegram notification sent
2026-05-26 03:58:37 | INFO | Final portfolio: ['NATIONALUM', 'GVT&D', 'APARINDS', 'MCX']
2026-05-26 03:58:37 | INFO | =======================================================
2026-05-26 03:59:14 | INFO | =======================================================
2026-05-26 03:59:14 | INFO | EXECUTION RUN — 2026-05-26 03:59:14
2026-05-26 03:59:14 | INFO | MODE          : PAPER
2026-05-26 03:59:14 | INFO | =======================================================
2026-05-26 03:59:14 | INFO | Current holdings: ['NATIONALUM', 'GVT&D', 'APARINDS', 'MCX']
2026-05-26 03:59:14 | INFO | Loaded latest prices for 250 stocks from cache
2026-05-26 03:59:14 | INFO | PAPER MODE — Kite Connect not initialised
2026-05-26 03:59:14 | INFO | Running signal engine...
2026-05-26 03:59:15 | INFO | Regime: RISK-ON
2026-05-26 03:59:16 | INFO | Holdings saved: {'NATIONALUM': 35, 'GVT&D': 2, 'APARINDS': 1, 'MCX': 4}
2026-05-26 03:59:16 | INFO | Telegram notification sent
2026-05-26 03:59:16 | INFO | Final portfolio: ['NATIONALUM', 'GVT&D', 'APARINDS', 'MCX']
2026-05-26 03:59:16 | INFO | =======================================================
2026-05-26 04:00:05 | INFO | =======================================================
2026-05-26 04:00:05 | INFO | EXECUTION RUN — 2026-05-26 04:00:05
2026-05-26 04:00:05 | INFO | MODE          : PAPER
2026-05-26 04:00:05 | INFO | =======================================================
2026-05-26 04:00:05 | INFO | Current holdings: None (empty)
2026-05-26 04:00:05 | INFO | Loaded latest prices for 250 stocks from cache
2026-05-26 04:00:05 | INFO | PAPER MODE — Kite Connect not initialised
2026-05-26 04:00:05 | INFO | Running signal engine...
2026-05-26 04:00:06 | INFO | Regime: RISK-ON
2026-05-26 04:00:07 | INFO | Full monthly rebalance — reviewing all positions...
2026-05-26 04:00:07 | INFO | Regime strength: 57% | Deploying 4 positions @ 14,144 each
2026-05-26 04:00:07 | INFO | [PAPER] BUY  | NATIONALUM      |    35 shares @ ₹   404.8 | Total: ₹    14,168
2026-05-26 04:00:07 | INFO | [PAPER] BUY  | GVT&D           |     2 shares @ ₹  4795.3 | Total: ₹     9,591
2026-05-26 04:00:07 | INFO | [PAPER] BUY  | APARINDS        |     1 shares @ ₹ 12586.6 | Total: ₹    12,587
2026-05-26 04:00:07 | INFO | [PAPER] BUY  | MCX             |     4 shares @ ₹  3352.7 | Total: ₹    13,411
2026-05-26 04:00:07 | INFO | Holdings saved: {'NATIONALUM': 35, 'GVT&D': 2, 'APARINDS': 1, 'MCX': 4}
2026-05-26 04:00:07 | INFO | Telegram notification sent
2026-05-26 04:00:07 | INFO | Final portfolio: ['NATIONALUM', 'GVT&D', 'APARINDS', 'MCX']
2026-05-26 04:00:07 | INFO | =======================================================
2026-05-26 04:36:53 | INFO | =======================================================
2026-05-26 04:36:53 | INFO | EXECUTION RUN — 2026-05-26 04:36:53
2026-05-26 04:36:53 | INFO | MODE          : PAPER
2026-05-26 04:36:53 | INFO | =======================================================
2026-05-26 04:36:53 | INFO | Current holdings: None (empty)
2026-05-26 04:36:53 | INFO | Loaded latest prices for 250 stocks from cache
2026-05-26 04:36:53 | INFO | PAPER MODE — Kite Connect not initialised
2026-05-26 04:36:53 | INFO | Running signal engine...
2026-05-26 04:36:54 | INFO | Regime: RISK-ON
2026-05-26 04:36:54 | INFO | Full monthly rebalance — reviewing all positions...
2026-05-26 04:36:54 | INFO | Regime strength: 100% | Deploying 7 positions @ 14,286 each
2026-05-26 04:36:54 | INFO | [PAPER] BUY  | NATIONALUM      |    35 shares @ ₹   404.8 | Total: ₹    14,168
2026-05-26 04:36:54 | INFO | [PAPER] BUY  | GVT&D           |     2 shares @ ₹  4795.3 | Total: ₹     9,591
2026-05-26 04:36:54 | INFO | [PAPER] BUY  | APARINDS        |     1 shares @ ₹ 12586.6 | Total: ₹    12,587
2026-05-26 04:36:54 | INFO | [PAPER] BUY  | MCX             |     4 shares @ ₹  3352.7 | Total: ₹    13,411
2026-05-26 04:36:54 | INFO | [PAPER] BUY  | BHARATFORG      |     7 shares @ ₹  1926.1 | Total: ₹    13,483
2026-05-26 04:36:54 | INFO | [PAPER] BUY  | ADANIPOWER      |    61 shares @ ₹   233.4 | Total: ₹    14,237
2026-05-26 04:36:54 | INFO | Holdings saved: {'NATIONALUM': 35, 'GVT&D': 2, 'APARINDS': 1, 'MCX': 4, 'BHARATFORG': 7, 'ADANIPOWER': 61}
2026-05-26 04:36:55 | INFO | Telegram notification sent
2026-05-26 04:36:55 | INFO | Final portfolio: ['NATIONALUM', 'GVT&D', 'APARINDS', 'MCX', 'BHARATFORG', 'ADANIPOWER']
2026-05-26 04:36:55 | INFO | =======================================================
2026-05-26 18:51:05 | INFO | =======================================================
2026-05-26 18:51:05 | INFO | EXECUTION RUN — 2026-05-26 18:51:05
2026-05-26 18:51:05 | INFO | MODE          : PAPER
2026-05-26 18:51:05 | INFO | =======================================================
2026-05-26 18:51:05 | INFO | Current holdings: None (empty)
2026-05-26 18:51:05 | INFO | Loaded latest prices for 250 stocks from cache
2026-05-26 18:51:05 | INFO | PAPER MODE — Kite Connect not initialised
2026-05-26 18:51:05 | INFO | Running signal engine...
2026-05-26 18:51:06 | INFO | Regime: RISK-ON
2026-05-26 18:51:06 | INFO | Full monthly rebalance — reviewing all positions...
2026-05-26 18:51:06 | INFO | Regime strength: 100% | Deploying 12 positions @ 8,333 each
2026-05-26 18:51:06 | INFO | [PAPER] BUY  | NATIONALUM      |    20 shares @ ₹   418.3 | Total: ₹     8,366
2026-05-26 18:51:06 | INFO | Skipping POWERINDIA @ ₹35,995 — too expensive for ₹8,333 allocation
2026-05-26 18:51:06 | INFO | [PAPER] BUY  | GVT&D           |     1 shares @ ₹  4872.5 | Total: ₹     4,872
2026-05-26 18:51:06 | INFO | [PAPER] BUY  | MCX             |     2 shares @ ₹  3323.8 | Total: ₹     6,648
2026-05-26 18:51:06 | INFO | Skipping APARINDS @ ₹12,536 — too expensive for ₹8,333 allocation
2026-05-26 18:51:06 | INFO | [PAPER] BUY  | ADANIPOWER      |    34 shares @ ₹   245.8 | Total: ₹     8,357
2026-05-26 18:51:06 | INFO | [PAPER] BUY  | BHARATFORG      |     4 shares @ ₹  1940.1 | Total: ₹     7,760
2026-05-26 18:51:06 | INFO | [PAPER] BUY  | ADANIENSOL      |     5 shares @ ₹  1470.6 | Total: ₹     7,353
2026-05-26 18:51:06 | INFO | [PAPER] BUY  | BSE             |     1 shares @ ₹  4425.3 | Total: ₹     4,425
2026-05-26 18:51:06 | INFO | [PAPER] BUY  | HINDALCO        |     7 shares @ ₹  1109.3 | Total: ₹     7,765
2026-05-26 18:51:06 | INFO | [PAPER] BUY  | GLENMARK        |     3 shares @ ₹  2363.2 | Total: ₹     7,090
2026-05-26 18:51:06 | INFO | [PAPER] BUY  | SAIL            |    40 shares @ ₹   204.9 | Total: ₹     8,196
2026-05-26 18:51:06 | INFO | Holdings saved: {'NATIONALUM': 20, 'GVT&D': 1, 'MCX': 2, 'ADANIPOWER': 34, 'BHARATFORG': 4, 'ADANIENSOL': 5, 'BSE': 1, 'HINDALCO': 7, 'GLENMARK': 3, 'SAIL': 40}
2026-05-26 18:51:07 | INFO | Telegram notification sent
2026-05-26 18:51:07 | INFO | Final portfolio: ['NATIONALUM', 'GVT&D', 'MCX', 'ADANIPOWER', 'BHARATFORG', 'ADANIENSOL', 'BSE', 'HINDALCO', 'GLENMARK', 'SAIL']
2026-05-26 18:51:07 | INFO | =======================================================
2026-05-26 18:53:55 | INFO | =======================================================
2026-05-26 18:53:55 | INFO | EXECUTION RUN — 2026-05-26 18:53:55
2026-05-26 18:53:55 | INFO | MODE          : PAPER
2026-05-26 18:53:55 | INFO | =======================================================
2026-05-26 18:53:55 | INFO | Current holdings: None (empty)
2026-05-26 18:53:55 | INFO | Loaded latest prices for 250 stocks from cache
2026-05-26 18:53:55 | INFO | PAPER MODE — Kite Connect not initialised
2026-05-26 18:53:55 | INFO | Running signal engine...
2026-05-26 18:53:56 | INFO | Regime: RISK-ON
2026-05-26 18:53:57 | INFO | Full monthly rebalance — reviewing all positions...
2026-05-26 18:53:57 | INFO | Regime strength: 100% | Deploying 12 positions @ 8,333 each
2026-05-26 18:53:57 | INFO | [PAPER] BUY  | NATIONALUM      |    20 shares @ ₹   418.3 | Total: ₹     8,366
2026-05-26 18:53:57 | INFO | Skipping POWERINDIA @ ₹35,995 — too expensive for ₹8,333 allocation
2026-05-26 18:53:57 | INFO | [PAPER] BUY  | GVT&D           |     1 shares @ ₹  4872.5 | Total: ₹     4,872
2026-05-26 18:53:57 | INFO | [PAPER] BUY  | MCX             |     2 shares @ ₹  3323.8 | Total: ₹     6,648
2026-05-26 18:53:57 | INFO | Skipping APARINDS @ ₹12,536 — too expensive for ₹8,333 allocation
2026-05-26 18:53:57 | INFO | [PAPER] BUY  | ADANIPOWER      |    34 shares @ ₹   245.8 | Total: ₹     8,357
2026-05-26 18:53:57 | INFO | [PAPER] BUY  | BHARATFORG      |     4 shares @ ₹  1940.1 | Total: ₹     7,760
2026-05-26 18:53:57 | INFO | [PAPER] BUY  | ADANIENSOL      |     5 shares @ ₹  1470.6 | Total: ₹     7,353
2026-05-26 18:53:57 | INFO | [PAPER] BUY  | BSE             |     1 shares @ ₹  4425.3 | Total: ₹     4,425
2026-05-26 18:53:57 | INFO | [PAPER] BUY  | HINDALCO        |     7 shares @ ₹  1109.3 | Total: ₹     7,765
2026-05-26 18:53:57 | INFO | [PAPER] BUY  | GLENMARK        |     3 shares @ ₹  2363.2 | Total: ₹     7,090
2026-05-26 18:53:57 | INFO | [PAPER] BUY  | SAIL            |    40 shares @ ₹   204.9 | Total: ₹     8,196
2026-05-26 18:53:57 | INFO | Redistributing ₹29,523 unused cash across 10 positions
2026-05-26 18:53:57 | INFO | [PAPER] BUY  | NATIONALUM      |     4 shares @ ₹   418.3 | Total: ₹     1,673
2026-05-26 18:53:57 | INFO | [PAPER] BUY  | GVT&D           |     1 shares @ ₹  4872.5 | Total: ₹     4,872
2026-05-26 18:53:57 | INFO | [PAPER] BUY  | MCX             |     1 shares @ ₹  3323.8 | Total: ₹     3,324
2026-05-26 18:53:57 | INFO | [PAPER] BUY  | ADANIPOWER      |     6 shares @ ₹   245.8 | Total: ₹     1,475
2026-05-26 18:53:57 | INFO | [PAPER] BUY  | BHARATFORG      |     1 shares @ ₹  1940.1 | Total: ₹     1,940
2026-05-26 18:53:57 | INFO | [PAPER] BUY  | ADANIENSOL      |     1 shares @ ₹  1470.6 | Total: ₹     1,471
2026-05-26 18:53:57 | INFO | [PAPER] BUY  | BSE             |     1 shares @ ₹  4425.3 | Total: ₹     4,425
2026-05-26 18:53:57 | INFO | [PAPER] BUY  | HINDALCO        |     2 shares @ ₹  1109.3 | Total: ₹     2,219
2026-05-26 18:53:57 | INFO | [PAPER] BUY  | GLENMARK        |     1 shares @ ₹  2363.2 | Total: ₹     2,363
2026-05-26 18:53:57 | INFO | [PAPER] BUY  | SAIL            |     9 shares @ ₹   204.9 | Total: ₹     1,844
2026-05-26 18:53:57 | INFO | Holdings saved: {'NATIONALUM': 24, 'GVT&D': 2, 'MCX': 3, 'ADANIPOWER': 40, 'BHARATFORG': 5, 'ADANIENSOL': 6, 'BSE': 2, 'HINDALCO': 9, 'GLENMARK': 4, 'SAIL': 49}
2026-05-26 18:53:58 | INFO | Telegram notification sent
2026-05-26 18:53:58 | INFO | Final portfolio: ['NATIONALUM', 'GVT&D', 'MCX', 'ADANIPOWER', 'BHARATFORG', 'ADANIENSOL', 'BSE', 'HINDALCO', 'GLENMARK', 'SAIL']
2026-05-26 18:53:58 | INFO | =======================================================
2026-05-26 19:02:40 | INFO | =======================================================
2026-05-26 19:02:40 | INFO | EXECUTION RUN — 2026-05-26 19:02:40
2026-05-26 19:02:40 | INFO | MODE          : PAPER
2026-05-26 19:02:40 | INFO | =======================================================
2026-05-26 19:02:40 | INFO | Current holdings: ['NATIONALUM', 'GVT&D', 'MCX', 'ADANIPOWER', 'BHARATFORG', 'ADANIENSOL', 'BSE', 'HINDALCO', 'GLENMARK', 'SAIL']
2026-05-26 19:02:40 | INFO | Loaded latest prices for 250 stocks from cache
2026-05-26 19:02:40 | INFO | PAPER MODE — Kite Connect not initialised
2026-05-26 19:02:40 | INFO | Running signal engine...
2026-05-26 19:02:41 | INFO | Regime: RISK-ON
2026-05-26 19:02:42 | INFO | Holdings saved: {'NATIONALUM': 24, 'GVT&D': 2, 'MCX': 3, 'ADANIPOWER': 40, 'BHARATFORG': 5, 'ADANIENSOL': 6, 'BSE': 2, 'HINDALCO': 9, 'GLENMARK': 4, 'SAIL': 49}
2026-05-26 19:02:42 | INFO | Telegram notification sent
2026-05-26 19:02:42 | INFO | Final portfolio: ['NATIONALUM', 'GVT&D', 'MCX', 'ADANIPOWER', 'BHARATFORG', 'ADANIENSOL', 'BSE', 'HINDALCO', 'GLENMARK', 'SAIL']
2026-05-26 19:02:42 | INFO | =======================================================
2026-05-26 19:04:51 | INFO | =======================================================
2026-05-26 19:04:51 | INFO | EXECUTION RUN — 2026-05-26 19:04:51
2026-05-26 19:04:51 | INFO | MODE          : PAPER
2026-05-26 19:04:51 | INFO | =======================================================
2026-05-26 19:04:51 | INFO | Current holdings: ['NATIONALUM', 'GVT&D', 'MCX', 'ADANIPOWER', 'BHARATFORG', 'ADANIENSOL', 'BSE', 'HINDALCO', 'GLENMARK', 'SAIL']
2026-05-26 19:04:51 | INFO | Loaded latest prices for 250 stocks from cache
2026-05-26 19:04:51 | INFO | PAPER MODE — Kite Connect not initialised
2026-05-26 19:04:51 | INFO | Running signal engine...
2026-05-26 19:04:52 | INFO | Regime: RISK-ON
2026-05-26 19:04:53 | INFO | Holdings saved: {'NATIONALUM': 24, 'GVT&D': 2, 'MCX': 3, 'ADANIPOWER': 40, 'BHARATFORG': 5, 'ADANIENSOL': 6, 'BSE': 2, 'HINDALCO': 9, 'GLENMARK': 4, 'SAIL': 49}
2026-05-26 19:04:53 | INFO | Telegram notification sent
2026-05-26 19:04:53 | INFO | Final portfolio: ['NATIONALUM', 'GVT&D', 'MCX', 'ADANIPOWER', 'BHARATFORG', 'ADANIENSOL', 'BSE', 'HINDALCO', 'GLENMARK', 'SAIL']
2026-05-26 19:04:53 | INFO | =======================================================
2026-05-26 19:06:06 | INFO | =======================================================
2026-05-26 19:06:06 | INFO | EXECUTION RUN — 2026-05-26 19:06:06
2026-05-26 19:06:06 | INFO | MODE          : PAPER
2026-05-26 19:06:06 | INFO | =======================================================
2026-05-26 19:06:06 | INFO | Current holdings: ['NATIONALUM', 'GVT&D', 'MCX', 'ADANIPOWER', 'BHARATFORG', 'ADANIENSOL', 'BSE', 'HINDALCO', 'GLENMARK', 'SAIL']
2026-05-26 19:06:06 | INFO | Loaded latest prices for 250 stocks from cache
2026-05-26 19:06:06 | INFO | PAPER MODE — Kite Connect not initialised
2026-05-26 19:06:06 | INFO | Running signal engine...
2026-05-26 19:06:07 | INFO | Regime: RISK-ON
2026-05-26 19:06:08 | INFO | Holdings saved: {'NATIONALUM': 24, 'GVT&D': 2, 'MCX': 3, 'ADANIPOWER': 40, 'BHARATFORG': 5, 'ADANIENSOL': 6, 'BSE': 2, 'HINDALCO': 9, 'GLENMARK': 4, 'SAIL': 49}
2026-05-26 19:06:08 | INFO | Telegram notification sent
2026-05-26 19:06:08 | INFO | Final portfolio: ['NATIONALUM', 'GVT&D', 'MCX', 'ADANIPOWER', 'BHARATFORG', 'ADANIENSOL', 'BSE', 'HINDALCO', 'GLENMARK', 'SAIL']
2026-05-26 19:06:08 | INFO | =======================================================
2026-05-26 20:50:29 | INFO | =======================================================
2026-05-26 20:50:30 | INFO | EXECUTION RUN — 2026-05-26 20:50:30
2026-05-26 20:50:30 | INFO | MODE          : PAPER
2026-05-26 20:50:30 | INFO | =======================================================
2026-05-26 20:50:30 | INFO | Current holdings: None (empty)
2026-05-26 20:50:30 | INFO | Loaded latest prices for 250 stocks from cache
2026-05-26 20:50:30 | INFO | PAPER MODE — Kite Connect not initialised
2026-05-26 20:50:30 | INFO | Running signal engine...
2026-05-26 20:50:31 | INFO | Regime: RISK-ON
2026-05-26 20:50:31 | INFO | Full monthly rebalance — reviewing all positions...
2026-05-26 20:50:31 | INFO | Regime strength: 100% | Deploying 12 positions @ 8,333 each
2026-05-26 20:50:31 | INFO | [PAPER] BUY  | NATIONALUM      |    20 shares @ ₹   423.2 | Total: ₹     8,464
2026-05-26 20:50:31 | INFO | [PAPER] BUY  | GVT&D           |     1 shares @ ₹  5013.4 | Total: ₹     5,013
2026-05-26 20:50:31 | INFO | Skipping POWERINDIA @ ₹35,635 — too expensive for ₹8,333 allocation
2026-05-26 20:50:31 | INFO | Skipping APARINDS @ ₹12,480 — too expensive for ₹8,333 allocation
2026-05-26 20:50:31 | INFO | [PAPER] BUY  | MCX             |     2 shares @ ₹  3479.6 | Total: ₹     6,959
2026-05-26 20:50:31 | INFO | [PAPER] BUY  | BHARATFORG      |     4 shares @ ₹  1975.8 | Total: ₹     7,903
2026-05-26 20:50:31 | INFO | [PAPER] BUY  | ADANIPOWER      |    35 shares @ ₹   240.4 | Total: ₹     8,414
2026-05-26 20:50:31 | INFO | [PAPER] BUY  | ADANIENSOL      |     5 shares @ ₹  1507.2 | Total: ₹     7,536
2026-05-26 20:50:31 | INFO | [PAPER] BUY  | BSE             |     1 shares @ ₹  4419.9 | Total: ₹     4,420
2026-05-26 20:50:31 | INFO | [PAPER] BUY  | HINDALCO        |     7 shares @ ₹  1132.6 | Total: ₹     7,928
2026-05-26 20:50:31 | INFO | [PAPER] BUY  | SAIL            |    42 shares @ ₹   204.3 | Total: ₹     8,581
2026-05-26 20:50:31 | INFO | [PAPER] BUY  | GLENMARK        |     3 shares @ ₹  2407.1 | Total: ₹     7,221
2026-05-26 20:50:31 | INFO | Redistributing ₹30,051 unused cash across 10 positions
2026-05-26 20:50:31 | INFO | [PAPER] BUY  | NATIONALUM      |     4 shares @ ₹   411.1 | Total: ₹     1,644
2026-05-26 20:50:31 | INFO | [PAPER] BUY  | GVT&D           |     1 shares @ ₹  4870.2 | Total: ₹     4,870
2026-05-26 20:50:31 | INFO | [PAPER] BUY  | MCX             |     1 shares @ ₹  3380.2 | Total: ₹     3,380
2026-05-26 20:50:31 | INFO | [PAPER] BUY  | BHARATFORG      |     1 shares @ ₹  1956.7 | Total: ₹     1,957
2026-05-26 20:50:31 | INFO | [PAPER] BUY  | ADANIPOWER      |     7 shares @ ₹   238.0 | Total: ₹     1,666
2026-05-26 20:50:31 | INFO | [PAPER] BUY  | ADANIENSOL      |     1 shares @ ₹  1492.6 | Total: ₹     1,493
2026-05-26 20:50:31 | INFO | [PAPER] BUY  | BSE             |     1 shares @ ₹  4377.0 | Total: ₹     4,377
2026-05-26 20:50:31 | INFO | [PAPER] BUY  | HINDALCO        |     2 shares @ ₹  1121.6 | Total: ₹     2,243
2026-05-26 20:50:31 | INFO | [PAPER] BUY  | SAIL            |     8 shares @ ₹   202.3 | Total: ₹     1,618
2026-05-26 20:50:31 | INFO | [PAPER] BUY  | GLENMARK        |     1 shares @ ₹  2383.7 | Total: ₹     2,384
2026-05-26 20:50:31 | INFO | Holdings saved: {'NATIONALUM': 24, 'GVT&D': 2, 'MCX': 3, 'BHARATFORG': 5, 'ADANIPOWER': 42, 'ADANIENSOL': 6, 'BSE': 2, 'HINDALCO': 9, 'SAIL': 50, 'GLENMARK': 4}
2026-05-26 20:50:32 | INFO | Telegram notification sent
2026-05-26 20:50:32 | INFO | Final portfolio: ['NATIONALUM', 'GVT&D', 'MCX', 'BHARATFORG', 'ADANIPOWER', 'ADANIENSOL', 'BSE', 'HINDALCO', 'SAIL', 'GLENMARK']
2026-05-26 20:50:32 | INFO | =======================================================
